<svg xmlns:dc="http://purl.org/dc/elements/1.1/" xmlns:cc="http://creativecommons.org/ns#" xmlns:rdf="http://www.w3.org/1999/02/22-rdf-syntax-ns#" xmlns:svg="http://www.w3.org/2000/svg" xmlns="http://www.w3.org/2000/svg" xmlns:xlink="http://www.w3.org/1999/xlink" xmlns:sodipodi="http://sodipodi.sourceforge.net/DTD/sodipodi-0.dtd" xmlns:inkscape="http://www.inkscape.org/namespaces/inkscape" width="210mm" height="297mm" viewBox="0 0 744.09448819 1052.3622047" id="svg2" version="1.1" inkscape:version="1.0alpha (8a5469a, 2019-05-29)" sodipodi:docname="hershey_trivial_input.svg">
  <style id="style19"/>
  <defs id="defs4"/>
  <sodipodi:namedview inkscape:document-rotation="0" inkscape:window-maximized="0" inkscape:window-y="23" inkscape:window-x="0" inkscape:window-height="993" inkscape:window-width="1535" showgrid="false" inkscape:current-layer="layer1" inkscape:document-units="px" inkscape:cy="256.44843" inkscape:cx="217.50453" inkscape:zoom="3.964414" inkscape:pageshadow="2" inkscape:pageopacity="0.0" borderopacity="1.0" bordercolor="#666666" pagecolor="#ffffff" id="base"/>
  <metadata id="metadata7">
    <rdf:RDF>
      <cc:Work rdf:about="">
        <dc:format>image/svg+xml</dc:format>
        <dc:type rdf:resource="http://purl.org/dc/dcmitype/StillImage"/>
        <dc:title/>
      </cc:Work>
    </rdf:RDF>
  </metadata>
  <g id="layer1" inkscape:groupmode="layer" inkscape:label="Layer 1">
    <use height="100%" width="100%" transform="translate(-13.8162, 24.1382)" id="use1116" xlink:href="#A" y="0" x="0"/>
    <use height="100%" width="100%" transform="translate(-10.0282, 24.1382)" id="use1118" xlink:href="#B" y="0" x="0"/>
    <use x="0" y="0" xlink:href="#text31" id="DEAD-LINK" transform="translate(10.292, -24.8807)" width="100%" height="100%" style="fill:#ffffff;fill-opacity:0"/>
    <flowRoot transform="translate(-18.75, 0)" xml:space="preserve" id="A" style="font-style:normal;font-weight:normal;font-size:37.5px;font-family:sans-serif;fill:#ffffff;fill-opacity:1;stroke:#e10000;stroke-width:0.9375;stroke-opacity:1"><flowRegion id="flowRegion23" style="fill:#ffffff;fill-opacity:1;stroke:#e10000;stroke-width:0.9375;stroke-opacity:1"><rect id="rect25" width="121.08263" height="52.065529" x="182.22934" y="166.4886" style="fill:#ffffff;fill-opacity:1;stroke:#e10000;stroke-width:0.878906;stroke-opacity:1"/></flowRegion><flowPara style="stroke-width:0.9375" id="flowPara27">Flow</flowPara></flowRoot>    <text xml:space="preserve" style="font-style:normal;font-weight:normal;font-size:37.50000000000000000px;font-family:sans-serif;fill:#ffffff;fill-opacity:1;stroke:#e10000;stroke-width:0.9375;stroke-opacity:1" x="156.80199" y="308.15527" id="B"><tspan sodipodi:role="line" id="tspan29" x="156.80199" y="308.15527" style="fill:#ffffff;fill-opacity:1;stroke:#e10000;stroke-width:0.9375;stroke-opacity:1">Text</tspan></text>
    <use x="0" y="0" xlink:href="#A" id="use1120" transform="translate(13.8162, -24.1382)" width="100%" height="100%"/>
    <use x="0" y="0" xlink:href="#B" id="use1122" transform="translate(9.84851, -24.1382)" width="100%" height="100%"/>
  <svg:g transform="translate(-13.8162, 24.1382)"><g inkscape:label="Hershey Text" style="fill:none;stroke:#000000;stroke-linecap:round;stroke-linejoin:round" transform="translate(163.479, 150.864)"><svg:g><path d="M 126 -22.1 L 126 312 L 586 312 L 126 312 L 126 602 L 693 602" style="stroke-width:0.2584in" transform="matrix(0.0375 0 0 -0.0375 0 46.875)"/><path d="M 120 677 L 120 63 L 176 6.3 L 277 6.3" style="stroke-width:0.2584in" transform="matrix(0.0375 0 0 -0.0375 23.5125 46.875)"/><path d="M 145 413 L 145 63 L 198 6.3 L 564 6.3 L 614 56.7 L 614 435 L 570 482 L 208 482 L 145 413" style="stroke-width:0.2584in" transform="matrix(0.0375 0 0 -0.0375 32.25 46.875)"/><path d="M 120 491 L 324 3.15 L 542 495 L 778 9.45 L 970 501" style="stroke-width:0.2584in" transform="matrix(0.0375 0 0 -0.0375 55.9875 46.875)"/></svg:g></g></svg:g><svg:g transform="translate(-10.0282, 24.1382)"><g inkscape:label="Hershey Text" style="fill:none;stroke:#000000;stroke-linecap:round;stroke-linejoin:round"><svg:g transform="translate(156.802, 308.155)"><path d="M 394 -22.1 L 394 598 L 72.5 598 L 712 598" style="stroke-width:0.2584in" transform="scale(0.0375, -0.0375)"/><path d="M 624 3.15 L 176 3.15 L 126 56.7 L 126 422 L 180 479 L 545 479 L 598 425 L 598 243 L 123 243" style="stroke-width:0.2584in" transform="matrix(0.0375 0 0 -0.0375 25.1625 0)"/><path d="M 135 -22.1 L 570 498 L 353 239 L 135 501 L 573 -18.9" style="stroke-width:0.2584in" transform="matrix(0.0375 0 0 -0.0375 48.3 0)"/><path d="M 126 680 L 126 472 L 387 472 L 126 472 L 126 50.4 L 161 12.6 L 387 12.6" style="stroke-width:0.2584in" transform="matrix(0.0375 0 0 -0.0375 71.325 0)"/></svg:g></g></svg:g><svg:g inkscape:label="Hershey Text" style="fill:none;stroke:#000000;stroke-linecap:round;stroke-linejoin:round" transform="translate(163.479, 150.864)"><g><svg:path d="M 126 -22.1 L 126 312 L 586 312 L 126 312 L 126 602 L 693 602" style="stroke-width:0.2584in" transform="matrix(0.0375 0 0 -0.0375 0 46.875)"/><svg:path d="M 120 677 L 120 63 L 176 6.3 L 277 6.3" style="stroke-width:0.2584in" transform="matrix(0.0375 0 0 -0.0375 23.5125 46.875)"/><svg:path d="M 145 413 L 145 63 L 198 6.3 L 564 6.3 L 614 56.7 L 614 435 L 570 482 L 208 482 L 145 413" style="stroke-width:0.2584in" transform="matrix(0.0375 0 0 -0.0375 32.25 46.875)"/><svg:path d="M 120 491 L 324 3.15 L 542 495 L 778 9.45 L 970 501" style="stroke-width:0.2584in" transform="matrix(0.0375 0 0 -0.0375 55.9875 46.875)"/></g></svg:g><svg:g inkscape:label="Hershey Text" style="fill:none;stroke:#000000;stroke-linecap:round;stroke-linejoin:round"><g transform="translate(156.802, 308.155)"><svg:path d="M 394 -22.1 L 394 598 L 72.5 598 L 712 598" style="stroke-width:0.2584in" transform="scale(0.0375, -0.0375)"/><svg:path d="M 624 3.15 L 176 3.15 L 126 56.7 L 126 422 L 180 479 L 545 479 L 598 425 L 598 243 L 123 243" style="stroke-width:0.2584in" transform="matrix(0.0375 0 0 -0.0375 25.1625 0)"/><svg:path d="M 135 -22.1 L 570 498 L 353 239 L 135 501 L 573 -18.9" style="stroke-width:0.2584in" transform="matrix(0.0375 0 0 -0.0375 48.3 0)"/><svg:path d="M 126 680 L 126 472 L 387 472 L 126 472 L 126 50.4 L 161 12.6 L 387 12.6" style="stroke-width:0.2584in" transform="matrix(0.0375 0 0 -0.0375 71.325 0)"/></g></svg:g><svg:g transform="translate(13.8162, -24.1382)"><g inkscape:label="Hershey Text" style="fill:none;stroke:#000000;stroke-linecap:round;stroke-linejoin:round" transform="translate(163.479, 150.864)"><svg:g><path d="M 126 -22.1 L 126 312 L 586 312 L 126 312 L 126 602 L 693 602" style="stroke-width:0.2584in" transform="matrix(0.0375 0 0 -0.0375 0 46.875)"/><path d="M 120 677 L 120 63 L 176 6.3 L 277 6.3" style="stroke-width:0.2584in" transform="matrix(0.0375 0 0 -0.0375 23.5125 46.875)"/><path d="M 145 413 L 145 63 L 198 6.3 L 564 6.3 L 614 56.7 L 614 435 L 570 482 L 208 482 L 145 413" style="stroke-width:0.2584in" transform="matrix(0.0375 0 0 -0.0375 32.25 46.875)"/><path d="M 120 491 L 324 3.15 L 542 495 L 778 9.45 L 970 501" style="stroke-width:0.2584in" transform="matrix(0.0375 0 0 -0.0375 55.9875 46.875)"/></svg:g></g></svg:g><svg:g transform="translate(9.84851, -24.1382)"><g inkscape:label="Hershey Text" style="fill:none;stroke:#000000;stroke-linecap:round;stroke-linejoin:round"><svg:g transform="translate(156.802, 308.155)"><path d="M 394 -22.1 L 394 598 L 72.5 598 L 712 598" style="stroke-width:0.2584in" transform="scale(0.0375, -0.0375)"/><path d="M 624 3.15 L 176 3.15 L 126 56.7 L 126 422 L 180 479 L 545 479 L 598 425 L 598 243 L 123 243" style="stroke-width:0.2584in" transform="matrix(0.0375 0 0 -0.0375 25.1625 0)"/><path d="M 135 -22.1 L 570 498 L 353 239 L 135 501 L 573 -18.9" style="stroke-width:0.2584in" transform="matrix(0.0375 0 0 -0.0375 48.3 0)"/><path d="M 126 680 L 126 472 L 387 472 L 126 472 L 126 50.4 L 161 12.6 L 387 12.6" style="stroke-width:0.2584in" transform="matrix(0.0375 0 0 -0.0375 71.325 0)"/></svg:g></g></svg:g></g>
</svg>