<svg xmlns:dc="http://purl.org/dc/elements/1.1/" xmlns:cc="http://creativecommons.org/ns#" xmlns:rdf="http://www.w3.org/1999/02/22-rdf-syntax-ns#" xmlns:svg="http://www.w3.org/2000/svg" xmlns="http://www.w3.org/2000/svg" xmlns:xlink="http://www.w3.org/1999/xlink" xmlns:sodipodi="http://sodipodi.sourceforge.net/DTD/sodipodi-0.dtd" xmlns:inkscape="http://www.inkscape.org/namespaces/inkscape" width="210mm" height="297mm" viewBox="0 0 744.09448819 1052.3622047" id="svg2" version="1.1" inkscape:version="1.0alpha (8a5469a, 2019-05-29)" sodipodi:docname="hershey_trivial_input.svg">
  <style id="style19"/>
  <defs id="defs4"/>
  <sodipodi:namedview inkscape:document-rotation="0" inkscape:window-maximized="0" inkscape:window-y="23" inkscape:window-x="0" inkscape:window-height="993" inkscape:window-width="1535" showgrid="false" inkscape:current-layer="layer1" inkscape:document-units="px" inkscape:cy="256.44843" inkscape:cx="217.50453" inkscape:zoom="3.964414" inkscape:pageshadow="2" inkscape:pageopacity="0.0" borderopacity="1.0" bordercolor="#666666" pagecolor="#ffffff" id="base"/>
  <metadata id="metadata7">
    <rdf:RDF>
      <cc:Work rdf:about="">
        <dc:format>image/svg+xml</dc:format>
        <dc:type rdf:resource="http://purl.org/dc/dcmitype/StillImage"/>
        <dc:title/>
      </cc:Work>
    </rdf:RDF>
  </metadata>
  <g id="layer1" inkscape:groupmode="layer" inkscape:label="Layer 1">
    <use x="0" y="0" xlink:href="#text31" id="DEAD-LINK" transform="translate(10.292, -24.8807)" width="100%" height="100%" style="fill:#ffffff;fill-opacity:0"/>
    <svg:g transform="translate(-13.8162, 24.1382)"><g inkscape:label="Hershey Text" style="fill:none;stroke:#000000;stroke-linecap:round;stroke-linejoin:round" transform="translate(163.479, 150.864)"><svg:g><path d="M 517 576 L 435 551 L 369 479 L 331 384 L 277 296 L 217 170 L 164 75.6 L 158 25.2 L 176 0 L 224 9.45 L 252 47.2 L 268 66.1 M 72.5 372 L 25.2 403 L -6.3 476 L 44.1 589 L 145 652 L 346 690 L 513 674 L 630 658 L 709 658 L 791 655 L 828 677 L 813 680 L 740 605 L 718 554 L 721 507 M 230 309 L 195 287 L 570 331" style="stroke-width:0.2584in" transform="matrix(0.0375 0 0 -0.0375 0 46.875)"/><path d="M -25.2 176 L 91.4 265 L 239 428 L 346 589 L 394 662 L 381 709 L 312 718 L 243 674 L 148 532 L 41 340 L -28.4 198 L -50.4 85.1 L -22 25.2 L 44.1 18.9 L 120 53.6 L 195 132 L 230 183" style="stroke-width:0.2584in" transform="matrix(0.0375 0 0 -0.0375 23.4 46.875)"/><path d="M 195 337 L 142 365 L 66.1 315 L -6.3 233 L -40.9 161 L -56.7 75.6 L 12.6 9.45 L 101 40.9 L 183 110 L 230 208 L 239 246 L 239 284 L 220 284 M 167 158 L 183 101 L 214 72.4 L 255 75.6 L 296 110 L 359 183" style="stroke-width:0.2584in" transform="matrix(0.0375 0 0 -0.0375 33.1875 46.875)"/><path d="M 69.3 346 L -12.6 227 L -56.7 120 L -63 69.3 L -50.4 31.5 L -3.15 18.9 L 56.7 40.9 L 120 113 L 195 227 L 236 290 L 265 287 L 205 176 L 195 85.1 L 224 31.5 L 280 15.8 L 391 81.9 L 501 205 L 551 312 L 551 369 L 529 422 L 476 435" style="stroke-width:0.2584in" transform="matrix(0.0375 0 0 -0.0375 47.85 46.875)"/></svg:g></g></svg:g><svg:g transform="translate(-10.0282, 24.1382)"><g inkscape:label="Hershey Text" style="fill:none;stroke:#000000;stroke-linecap:round;stroke-linejoin:round"><svg:g transform="translate(156.802, 308.155)"><path d="M 56.7 378 L 9.45 425 L -3.15 501 L 37.8 592 L 113 646 L 198 677 L 287 690 L 466 687 L 639 665 L 806 662 L 860 674 L 825 690 L 743 580 L 734 539 L 728 485 L 743 463 M 529 570 L 450 539 L 391 476 L 324 353 L 239 205 L 180 66.1 L 180 25.2 L 198 0 L 230 22 L 268 63" style="stroke-width:0.2584in" transform="scale(0.0375, -0.0375)"/><path d="M 66.1 170 L 148 211 L 217 249 L 252 306 L 239 350 L 180 356 L 63 287 L 15.8 252 L -34.6 192 L -66.1 139 L -72.4 88.2 L -50.4 44.1 L 31.5 9.45 L 170 44.1 L 214 81.9 L 277 135 L 315 183" style="stroke-width:0.2584in" transform="matrix(0.0375 0 0 -0.0375 20.775 0)"/><path d="M -31.5 183 L 59.9 306 L 126 321 L 142 277 L 158 202 L 180 117 L 202 40.9 L 271 12.6 L 340 40.9 L 397 101 L 457 183 M 400 346 L 362 343 L 227 236 L 110 135 L -3.15 6.3 L -81.9 -101 L -97.6 -132 L -117 -183" style="stroke-width:0.2584in" transform="matrix(0.0375 0 0 -0.0375 33.75 0)"/><path d="M -31.5 183 L 18.9 224 L 53.5 261 L 110 337 L 183 457 L 217 510 L 183 517 L 9.45 151 L -6.3 66.1 L 18.9 22 L 97.6 28.4 L 192 110 L 258 183 M 53.5 346 L 258 356" style="stroke-width:0.2584in" transform="matrix(0.0375 0 0 -0.0375 52.05 0)"/></svg:g></g></svg:g><svg:g inkscape:label="Hershey Text" style="fill:none;stroke:#000000;stroke-linecap:round;stroke-linejoin:round" transform="translate(163.479, 150.864)"><g><svg:path d="M 517 576 L 435 551 L 369 479 L 331 384 L 277 296 L 217 170 L 164 75.6 L 158 25.2 L 176 0 L 224 9.45 L 252 47.2 L 268 66.1 M 72.5 372 L 25.2 403 L -6.3 476 L 44.1 589 L 145 652 L 346 690 L 513 674 L 630 658 L 709 658 L 791 655 L 828 677 L 813 680 L 740 605 L 718 554 L 721 507 M 230 309 L 195 287 L 570 331" style="stroke-width:0.2584in" transform="matrix(0.0375 0 0 -0.0375 0 46.875)"/><svg:path d="M -25.2 176 L 91.4 265 L 239 428 L 346 589 L 394 662 L 381 709 L 312 718 L 243 674 L 148 532 L 41 340 L -28.4 198 L -50.4 85.1 L -22 25.2 L 44.1 18.9 L 120 53.6 L 195 132 L 230 183" style="stroke-width:0.2584in" transform="matrix(0.0375 0 0 -0.0375 23.4 46.875)"/><svg:path d="M 195 337 L 142 365 L 66.1 315 L -6.3 233 L -40.9 161 L -56.7 75.6 L 12.6 9.45 L 101 40.9 L 183 110 L 230 208 L 239 246 L 239 284 L 220 284 M 167 158 L 183 101 L 214 72.4 L 255 75.6 L 296 110 L 359 183" style="stroke-width:0.2584in" transform="matrix(0.0375 0 0 -0.0375 33.1875 46.875)"/><svg:path d="M 69.3 346 L -12.6 227 L -56.7 120 L -63 69.3 L -50.4 31.5 L -3.15 18.9 L 56.7 40.9 L 120 113 L 195 227 L 236 290 L 265 287 L 205 176 L 195 85.1 L 224 31.5 L 280 15.8 L 391 81.9 L 501 205 L 551 312 L 551 369 L 529 422 L 476 435" style="stroke-width:0.2584in" transform="matrix(0.0375 0 0 -0.0375 47.85 46.875)"/></g></svg:g><svg:g inkscape:label="Hershey Text" style="fill:none;stroke:#000000;stroke-linecap:round;stroke-linejoin:round"><g transform="translate(156.802, 308.155)"><svg:path d="M 56.7 378 L 9.45 425 L -3.15 501 L 37.8 592 L 113 646 L 198 677 L 287 690 L 466 687 L 639 665 L 806 662 L 860 674 L 825 690 L 743 580 L 734 539 L 728 485 L 743 463 M 529 570 L 450 539 L 391 476 L 324 353 L 239 205 L 180 66.1 L 180 25.2 L 198 0 L 230 22 L 268 63" style="stroke-width:0.2584in" transform="scale(0.0375, -0.0375)"/><svg:path d="M 66.1 170 L 148 211 L 217 249 L 252 306 L 239 350 L 180 356 L 63 287 L 15.8 252 L -34.6 192 L -66.1 139 L -72.4 88.2 L -50.4 44.1 L 31.5 9.45 L 170 44.1 L 214 81.9 L 277 135 L 315 183" style="stroke-width:0.2584in" transform="matrix(0.0375 0 0 -0.0375 20.775 0)"/><svg:path d="M -31.5 183 L 59.9 306 L 126 321 L 142 277 L 158 202 L 180 117 L 202 40.9 L 271 12.6 L 340 40.9 L 397 101 L 457 183 M 400 346 L 362 343 L 227 236 L 110 135 L -3.15 6.3 L -81.9 -101 L -97.6 -132 L -117 -183" style="stroke-width:0.2584in" transform="matrix(0.0375 0 0 -0.0375 33.75 0)"/><svg:path d="M -31.5 183 L 18.9 224 L 53.5 261 L 110 337 L 183 457 L 217 510 L 183 517 L 9.45 151 L -6.3 66.1 L 18.9 22 L 97.6 28.4 L 192 110 L 258 183 M 53.5 346 L 258 356" style="stroke-width:0.2584in" transform="matrix(0.0375 0 0 -0.0375 52.05 0)"/></g></svg:g><svg:g transform="translate(13.8162, -24.1382)"><g inkscape:label="Hershey Text" style="fill:none;stroke:#000000;stroke-linecap:round;stroke-linejoin:round" transform="translate(163.479, 150.864)"><svg:g><path d="M 517 576 L 435 551 L 369 479 L 331 384 L 277 296 L 217 170 L 164 75.6 L 158 25.2 L 176 0 L 224 9.45 L 252 47.2 L 268 66.1 M 72.5 372 L 25.2 403 L -6.3 476 L 44.1 589 L 145 652 L 346 690 L 513 674 L 630 658 L 709 658 L 791 655 L 828 677 L 813 680 L 740 605 L 718 554 L 721 507 M 230 309 L 195 287 L 570 331" style="stroke-width:0.2584in" transform="matrix(0.0375 0 0 -0.0375 0 46.875)"/><path d="M -25.2 176 L 91.4 265 L 239 428 L 346 589 L 394 662 L 381 709 L 312 718 L 243 674 L 148 532 L 41 340 L -28.4 198 L -50.4 85.1 L -22 25.2 L 44.1 18.9 L 120 53.6 L 195 132 L 230 183" style="stroke-width:0.2584in" transform="matrix(0.0375 0 0 -0.0375 23.4 46.875)"/><path d="M 195 337 L 142 365 L 66.1 315 L -6.3 233 L -40.9 161 L -56.7 75.6 L 12.6 9.45 L 101 40.9 L 183 110 L 230 208 L 239 246 L 239 284 L 220 284 M 167 158 L 183 101 L 214 72.4 L 255 75.6 L 296 110 L 359 183" style="stroke-width:0.2584in" transform="matrix(0.0375 0 0 -0.0375 33.1875 46.875)"/><path d="M 69.3 346 L -12.6 227 L -56.7 120 L -63 69.3 L -50.4 31.5 L -3.15 18.9 L 56.7 40.9 L 120 113 L 195 227 L 236 290 L 265 287 L 205 176 L 195 85.1 L 224 31.5 L 280 15.8 L 391 81.9 L 501 205 L 551 312 L 551 369 L 529 422 L 476 435" style="stroke-width:0.2584in" transform="matrix(0.0375 0 0 -0.0375 47.85 46.875)"/></svg:g></g></svg:g><svg:g transform="translate(9.84851, -24.1382)"><g inkscape:label="Hershey Text" style="fill:none;stroke:#000000;stroke-linecap:round;stroke-linejoin:round"><svg:g transform="translate(156.802, 308.155)"><path d="M 56.7 378 L 9.45 425 L -3.15 501 L 37.8 592 L 113 646 L 198 677 L 287 690 L 466 687 L 639 665 L 806 662 L 860 674 L 825 690 L 743 580 L 734 539 L 728 485 L 743 463 M 529 570 L 450 539 L 391 476 L 324 353 L 239 205 L 180 66.1 L 180 25.2 L 198 0 L 230 22 L 268 63" style="stroke-width:0.2584in" transform="scale(0.0375, -0.0375)"/><path d="M 66.1 170 L 148 211 L 217 249 L 252 306 L 239 350 L 180 356 L 63 287 L 15.8 252 L -34.6 192 L -66.1 139 L -72.4 88.2 L -50.4 44.1 L 31.5 9.45 L 170 44.1 L 214 81.9 L 277 135 L 315 183" style="stroke-width:0.2584in" transform="matrix(0.0375 0 0 -0.0375 20.775 0)"/><path d="M -31.5 183 L 59.9 306 L 126 321 L 142 277 L 158 202 L 180 117 L 202 40.9 L 271 12.6 L 340 40.9 L 397 101 L 457 183 M 400 346 L 362 343 L 227 236 L 110 135 L -3.15 6.3 L -81.9 -101 L -97.6 -132 L -117 -183" style="stroke-width:0.2584in" transform="matrix(0.0375 0 0 -0.0375 33.75 0)"/><path d="M -31.5 183 L 18.9 224 L 53.5 261 L 110 337 L 183 457 L 217 510 L 183 517 L 9.45 151 L -6.3 66.1 L 18.9 22 L 97.6 28.4 L 192 110 L 258 183 M 53.5 346 L 258 356" style="stroke-width:0.2584in" transform="matrix(0.0375 0 0 -0.0375 52.05 0)"/></svg:g></g></svg:g></g>
</svg>